#-----------------------------------------------------------
# Vivado v2025.1 (64-bit)
# SW Build 6140274 on Thu May 22 00:12:29 MDT 2025
# IP Build 6138677 on Thu May 22 03:10:11 MDT 2025
# SharedData Build 6139179 on Tue May 20 17:58:58 MDT 2025
# Start of session at: Fri Sep 26 17:15:37 2025
# Process ID         : 27432
# Current directory  : C:/Users/tjjtj/Desktop/NUS/Y4S1/CG4002/Hardware_NN/project_1
# Command line       : vivado.exe -gui_launcher_event rodinguilauncherevent36260 C:\Users\tjjtj\Desktop\NUS\Y4S1\CG4002\Hardware_NN\project_1\project_1.xpr
# Log file           : C:/Users/tjjtj/Desktop/NUS/Y4S1/CG4002/Hardware_NN/project_1/vivado.log
# Journal file       : C:/Users/tjjtj/Desktop/NUS/Y4S1/CG4002/Hardware_NN/project_1\vivado.jou
# Running On         : DJJ
# Platform           : Windows Server 2016 or Windows 10
# Operating System   : 26100
# Processor Detail   : Intel(R) Core(TM) Ultra 7 155H
# CPU Frequency      : 2995 MHz
# CPU Physical cores : 16
# CPU Logical cores  : 22
# Host memory        : 16595 MB
# Swap memory        : 15032 MB
# Total Virtual      : 31627 MB
# Available Virtual  : 13318 MB
#-----------------------------------------------------------
start_gui
open_project C:/Users/tjjtj/Desktop/NUS/Y4S1/CG4002/Hardware_NN/project_1/project_1.xpr
update_compile_order -fileset sources_1
make_wrapper -files [get_files C:/Users/tjjtj/Desktop/NUS/Y4S1/CG4002/Hardware_NN/project_1/project_1.srcs/sources_1/bd/design_1/design_1.bd] -top
add_files -norecurse c:/Users/tjjtj/Desktop/NUS/Y4S1/CG4002/Hardware_NN/project_1/project_1.gen/sources_1/bd/design_1/hdl/design_1_wrapper.v
launch_runs impl_1 -to_step write_bitstream -jobs 22
wait_on_run impl_1
open_run impl_1
close_design
write_hw_platform -fixed -include_bit -force -file C:/Users/tjjtj/Desktop/NUS/Y4S1/CG4002/Hardware_NN/project_1/design_1_wrapper.xsa
open_bd_design {C:/Users/tjjtj/Desktop/NUS/Y4S1/CG4002/Hardware_NN/project_1/project_1.srcs/sources_1/bd/design_1/design_1.bd}
