#-----------------------------------------------------------
# Vivado v2025.1 (64-bit)
# SW Build 6140274 on Thu May 22 00:12:29 MDT 2025
# IP Build 6138677 on Thu May 22 03:10:11 MDT 2025
# SharedData Build 6139179 on Tue May 20 17:58:58 MDT 2025
# Start of session at: Fri Sep 26 17:24:43 2025
# Process ID         : 5796
# Current directory  : C:/Users/tjjtj/Desktop/NUS/Y4S1/CG4002/Hardware_NN/project_1/project_1.runs/design_1_zynq_ultra_ps_e_0_0_synth_1
# Command line       : vivado.exe -log design_1_zynq_ultra_ps_e_0_0.vds -product Vivado -mode batch -messageDb vivado.pb -notrace -source design_1_zynq_ultra_ps_e_0_0.tcl
# Log file           : C:/Users/tjjtj/Desktop/NUS/Y4S1/CG4002/Hardware_NN/project_1/project_1.runs/design_1_zynq_ultra_ps_e_0_0_synth_1/design_1_zynq_ultra_ps_e_0_0.vds
# Journal file       : C:/Users/tjjtj/Desktop/NUS/Y4S1/CG4002/Hardware_NN/project_1/project_1.runs/design_1_zynq_ultra_ps_e_0_0_synth_1\vivado.jou
# Running On         : DJJ
# Platform           : Windows Server 2016 or Windows 10
# Operating System   : 26100
# Processor Detail   : Intel(R) Core(TM) Ultra 7 155H
# CPU Frequency      : 2995 MHz
# CPU Physical cores : 16
# CPU Logical cores  : 22
# Host memory        : 16595 MB
# Swap memory        : 15032 MB
# Total Virtual      : 31627 MB
# Available Virtual  : 9505 MB
#-----------------------------------------------------------
source design_1_zynq_ultra_ps_e_0_0.tcl -notrace
